
ΓòÉΓòÉΓòÉΓòÉΓòÉΓòÉΓòÉΓòÉΓòÉΓòÉΓòÉΓòÉΓòÉΓòÉΓòÉΓòÉΓòÉΓòÉΓòÉΓòÉΓòÉΓòÉΓòÉΓòÉΓòÉΓòÉΓòÉΓòÉΓòÉΓòÉΓòÉΓòÉΓòÉΓòÉΓòÉΓòÉΓòÉΓòÉΓòÉΓòÉΓòÉΓòÉΓòÉΓòÉΓòÉΓòÉΓòÉΓòÉΓòÉΓòÉΓòÉΓòÉΓòÉΓòÉΓòÉΓòÉΓòÉΓòÉΓòÉΓòÉΓòÉΓòÉΓòÉΓòÉΓòÉΓòÉΓòÉΓòÉΓòÉΓòÉΓòÉΓòÉ
Axis' Iliad ΓÇö Full E2E: Human + AI + x402
Target: https://axis-api-6c7z.onrender.com
ΓòÉΓòÉΓòÉΓòÉΓòÉΓòÉΓòÉΓòÉΓòÉΓòÉΓòÉΓòÉΓòÉΓòÉΓòÉΓòÉΓòÉΓòÉΓòÉΓòÉΓòÉΓòÉΓòÉΓòÉΓòÉΓòÉΓòÉΓòÉΓòÉΓòÉΓòÉΓòÉΓòÉΓòÉΓòÉΓòÉΓòÉΓòÉΓòÉΓòÉΓòÉΓòÉΓòÉΓòÉΓòÉΓòÉΓòÉΓòÉΓòÉΓòÉΓòÉΓòÉΓòÉΓòÉΓòÉΓòÉΓòÉΓòÉΓòÉΓòÉΓòÉΓòÉΓòÉΓòÉΓòÉΓòÉΓòÉΓòÉΓòÉΓòÉΓòÉΓòÉ
API reachable ΓÇö status=200, 343ms


ΓöÇΓöÇ Phase 1: Health ΓöÇΓöÇΓöÇΓöÇΓöÇΓöÇΓöÇΓöÇΓöÇΓöÇΓöÇΓöÇΓöÇΓöÇΓöÇΓöÇΓöÇΓöÇΓöÇΓöÇΓöÇΓöÇΓöÇΓöÇΓöÇΓöÇΓöÇΓöÇΓöÇΓöÇΓöÇΓöÇΓöÇΓöÇΓöÇΓöÇΓöÇΓöÇΓöÇΓöÇΓöÇΓöÇ
  Γ£ô [200] GET /v1/health ΓåÆ 200 ok ΓÇö version=0.5.2
  Γ£ô [200] GET /v1/health/live ΓåÆ alive
  Γ£ô [200] GET /v1/health/ready ΓåÆ ready
  Γ£ô [200] GET /v1/metrics ΓåÆ 200

ΓöÇΓöÇ Phase 2: Human ΓÇö Account lifecycle ΓöÇΓöÇΓöÇΓöÇΓöÇΓöÇΓöÇΓöÇΓöÇΓöÇΓöÇΓöÇΓöÇΓöÇΓöÇΓöÇΓöÇΓöÇΓöÇΓöÇΓöÇΓöÇΓöÇ
  Γ£ô [201] POST /v1/accounts ΓåÆ 201 ΓÇö id=225ff301
  Γ¢ö [409] duplicate email ΓåÆ 409/400
  Γ£ô [200] GET /v1/account ΓåÆ 200 ΓÇö tier=free
  Γ¢ö [401] no auth ΓåÆ 401
  Γ£ô [201] POST /v1/account/keys ΓåÆ 201
  Γ£ô [200] GET /v1/account/keys ΓåÆ 200 ΓÇö count=2
  Γ£ô [200] GET /v1/account/usage ΓåÆ 200 ΓÇö tier=free
  Γ£ô [200] GET /v1/account/quota ΓåÆ 200
  Γ£ô [200] GET /v1/plans ΓåÆ 200 ΓÇö plans=3
  Γ£ô [200] upgrade to paid ΓåÆ 200
  Γ£ô [200] downgrade to free ΓåÆ 200
  Γ¢ö [400] invalid tier ΓåÆ 400
  Γ£ô [200] GET /v1/account/funnel ΓåÆ 200 ΓÇö stage=signup
  Γ£ô [200] GET /v1/account/upgrade-prompt ΓåÆ 200
  Γ£ô [200] POST /v1/account/upgrade-prompt/dismiss ΓåÆ 200

ΓöÇΓöÇ Phase 3: Human ΓÇö Snapshot + program outputs ΓöÇΓöÇΓöÇΓöÇΓöÇΓöÇΓöÇΓöÇΓöÇΓöÇΓöÇΓöÇΓöÇΓöÇ
  Γ£ô [201] POST /v1/snapshots ΓåÆ 201 ΓÇö snap=bea58478
  Γ£ô [200] GET /v1/snapshots/:id ΓåÆ 200
  Γ£ô [200] GET /v1/projects/:id/context ΓåÆ 200
  Γ£ô [200] POST /v1/search/export ΓåÆ 200 (free program) ΓÇö files=3
  Γ£ô [200] POST /v1/skills/generate ΓåÆ 200 (free program) ΓÇö files=5
  Γ£ô [200] POST /v1/debug/analyze ΓåÆ 200 (free program) ΓÇö files=4
  Γ¢ö [402] frontend/audit ΓåÆ 402 (TIER_REQUIRED ΓÇö paid tier not persisted) ΓÇö error=Payment Required
  Γ£ô [200] GET generated-files ΓåÆ 200 ΓÇö count=3
  Γ¢ö [400] empty snapshot body ΓåÆ 400
  Γ¢ö [400] missing snapshot_id ΓåÆ 400
  Γ¢ö [404] nonexistent project ΓåÆ 404

ΓöÇΓöÇ Phase 4: Human ΓÇö Versions, export, webhooks ΓöÇΓöÇΓöÇΓöÇΓöÇΓöÇΓöÇΓöÇΓöÇΓöÇΓöÇΓöÇΓöÇΓöÇ
  Γ£ô [200] GET versions ΓåÆ 200
  Γ£ô [200] GET /v1/projects/:id/export (ZIP) ΓåÆ 200 ΓÇö size=2857b
  Γ£ô [201] POST /v1/account/webhooks ΓåÆ 201
  Γ£ô [200] GET webhooks ΓåÆ 200 ΓÇö count=1
  Γ£ô [200] DELETE webhook ΓåÆ 200
  Γ£ô [204] OPTIONS CORS preflight ΓåÆ 204/200 ΓÇö acao=https://axis-iliad.jonathanarvay.com

ΓöÇΓöÇ Phase 5: x402 ΓÇö Unauthenticated program requests ΓöÇΓöÇΓöÇΓöÇΓöÇΓöÇΓöÇΓöÇΓöÇ
  Γ¢ö [400] POST /v1/snapshots no auth ΓåÆ 401/400
  Γ¢ö [401] POST /v1/analyze no auth ΓåÆ 401/402 ΓÇö error=Full AXIS analysis requires authentication. Use list_programs, search_and_discover_tools, or request only free programs (search, skills, debug) to stay on the free path.
  Γ£ô [200] MCP analyze_repo without auth ΓåÆ 200 (open/demo mode on production) ΓÇö result_present=true

ΓöÇΓöÇ Phase 6: x402 ΓÇö Free tier gates on paid programs ΓöÇΓöÇΓöÇΓöÇΓöÇΓöÇΓöÇΓöÇΓöÇ
  Γ£ô [201] created free account
  Γ£ô [201] free tier can create snapshot ΓåÆ 201
  Γ£ô [200] free program search/export ΓåÆ 200 ΓÇö files=3
  Γ£ô [200] free program skills/generate ΓåÆ 200 ΓÇö files=5
  Γ£ô [200] free program debug/analyze ΓåÆ 200 ΓÇö files=4
  Γ¢ö [402] paid program frontend/audit on free tier ΓåÆ 402 ΓÇö code=Payment Required
  Γ¢ö [402] paid program seo/analyze on free tier ΓåÆ 402 ΓÇö code=Payment Required
  Γ¢ö [402] paid program theme/generate on free tier ΓåÆ 402 ΓÇö code=Payment Required
  Γ¢ö [402] paid program brand/generate on free tier ΓåÆ 402 ΓÇö code=Payment Required
  Γ£ù [402] 402 body missing fields ΓÇö {"has_error":false,"has_message":false,"has_price_or_pricing":false,"has_actions_or_next_step":false,"has_free_alternatives":false}

ΓöÇΓöÇ Phase 7: x402 ΓÇö Budget negotiation headers ΓöÇΓöÇΓöÇΓöÇΓöÇΓöÇΓöÇΓöÇΓöÇΓöÇΓöÇΓöÇΓöÇΓöÇΓöÇ
node : FATAL: TypeError: Cannot read properties of undefined (reading 'slice')
At line:1 char:1
+ node e2e_full_human_ai_x402.mjs > test_output.txt 2>&1
+ ~~~~~~~~~~~~~~~~~~~~~~~~~~~~~~~~~~~~~~~~~~~~~~~~~~~~~~
    + CategoryInfo          : NotSpecified: (FATAL: TypeErro...eading 'slice') 
   :String) [], RemoteException
    + FullyQualifiedErrorId : NativeCommandError
 
    at phase7_x402_budget_negotiation (file:///C:/Users/lastm/No%20Fate%20Platf
orm/AXIS%20Toolbox/e2e_full_human_ai_x402.mjs:525:106)
    at process.processTicksAndRejections 
(node:internal/process/task_queues:105:5)
    at async main (file:///C:/Users/lastm/No%20Fate%20Platform/AXIS%20Toolbox/e
2e_full_human_ai_x402.mjs:954:3)
